// Jest Snapshot v1, https://goo.gl/fbAQLP

exports[`schedules controller should return schedules for a station/to 1`] = `
Object {
  "routes": Array [
    Object {
      "code": "TAXE",
      "destination": "Poissy",
      "message": "21:46",
    },
    Object {
      "code": "NOTE",
      "destination": "Boissy-Saint-Leger",
      "message": "21:34",
    },
  ],
}
`;
