// Jest Snapshot v1, https://goo.gl/fbAQLP

exports[`schedules controller should return schedules for a station/to 1`] = `
Object {
  "at": "2020-03-10T09:22:30+01:00",
  "line": "A",
  "provider": "ratp",
  "routes": Array [
    Object {
      "departureTime": "2020-03-10T21:46:00+01:00",
      "displayAttributes": "21:46",
      "displayDestination": "Poissy",
      "isApproaching": undefined,
      "isDeparture": undefined,
      "isOnPlatform": undefined,
      "isTerminus": undefined,
      "mission": "TAXE",
      "noPassenger": undefined,
      "platform": undefined,
      "trainCode": "2146",
    },
    Object {
      "departureTime": "2020-03-10T21:34:00+01:00",
      "displayAttributes": "21:34",
      "displayDestination": "Boissy-Saint-Leger",
      "isApproaching": undefined,
      "isDeparture": undefined,
      "isOnPlatform": undefined,
      "isTerminus": undefined,
      "mission": "NOTE",
      "noPassenger": undefined,
      "platform": undefined,
      "trainCode": "2134",
    },
  ],
  "station": "chatelet+les+halles",
  "type": "rers",
}
`;
