// Jest Snapshot v1, https://goo.gl/fbAQLP

exports[`missionsRepository getSchedulesForMissions should import Missions Schedules 1`] = `
Array [
  Object {
    "mission": "NANI",
    "stations": Array [
      "cergy+le+haut",
      "cergy+st+christophe",
      "cergy+prefecture",
      "neuville+universite",
      "conflans+fin+d'oise",
      "acheres+ville",
      "maisons+laffitte",
      "sartrouville",
      "houilles",
      "nanterre+prefecture",
      "grande+arche+la+defense",
      "charles+de+gaulle+etoile",
      "auber",
      "chatelet+les+halles",
      "gare+de+lyon",
      "nation",
      "vincennes",
      "fontenay+sous+bois",
      "nogent+sur+marne",
      "joinville+le+pont",
      "saint+maur+creteil",
      "le+parc+de+saint+maur",
      "champigny",
      "la+varenne+chennevieres",
      "sucy+bonneuil",
      "boissy+saint+leger",
    ],
  },
  Object {
    "mission": "NOTE",
    "stations": Array [
      "poissy",
      "acheres+grand+cormier",
      "maisons+laffitte",
      "sartrouville",
      "houilles",
      "nanterre+prefecture",
      "grande+arche+la+defense",
      "charles+de+gaulle+etoile",
      "auber",
      "chatelet+les+halles",
      "gare+de+lyon",
      "nation",
      "vincennes",
      "fontenay+sous+bois",
      "nogent+sur+marne",
      "joinville+le+pont",
      "saint+maur+creteil",
      "le+parc+de+saint+maur",
      "champigny",
      "la+varenne+chennevieres",
      "sucy+bonneuil",
      "boissy+saint+leger",
    ],
  },
]
`;
