// Jest Snapshot v1, https://goo.gl/fbAQLP

exports[`schedules controller should return schedules 1`] = `
Object {
  "context": Object {
    "at": "2020-03-10T09:22:30+01:00",
    "line": "A",
    "missions": Array [
      "UPAC",
      "TEDI",
    ],
    "network": "rers",
    "provider": "ratp",
    "station": Object {
      "name": "Chatelet-Les-Halles",
      "slug": "chatelet+les+halles",
    },
  },
  "departures": Array [
    Object {
      "departureTime": "2020-03-10T09:24:00+01:00",
      "displayAttributes": "09:24",
      "displayDestination": "Cergy-Le-Haut",
      "isApproaching": undefined,
      "isDeparture": undefined,
      "isOnPlatform": undefined,
      "isTerminus": undefined,
      "mission": "UPAC",
      "noPassenger": undefined,
      "platform": undefined,
      "trainCode": "0924",
    },
    Object {
      "departureTime": "2020-03-10T09:29:00+01:00",
      "displayAttributes": "09:29",
      "displayDestination": "Cergy-Le-Haut",
      "isApproaching": undefined,
      "isDeparture": undefined,
      "isOnPlatform": undefined,
      "isTerminus": undefined,
      "mission": "UPAC",
      "noPassenger": undefined,
      "platform": undefined,
      "trainCode": "0929",
    },
    Object {
      "departureTime": "2020-03-10T09:37:00+01:00",
      "displayAttributes": "09:37",
      "displayDestination": "Poissy",
      "isApproaching": undefined,
      "isDeparture": undefined,
      "isOnPlatform": undefined,
      "isTerminus": undefined,
      "mission": "TEDI",
      "noPassenger": undefined,
      "platform": undefined,
      "trainCode": "0937",
    },
    Object {
      "departureTime": "2020-03-10T19:12:00+01:00",
      "displayAttributes": "19:12",
      "displayDestination": "Poissy",
      "isApproaching": undefined,
      "isDeparture": undefined,
      "isOnPlatform": undefined,
      "isTerminus": undefined,
      "mission": "TEDI",
      "noPassenger": undefined,
      "platform": undefined,
      "trainCode": "1912",
    },
    Object {
      "departureTime": "2020-03-11T00:15:00+01:00",
      "displayAttributes": "00:15",
      "displayDestination": "Poissy",
      "isApproaching": undefined,
      "isDeparture": undefined,
      "isOnPlatform": undefined,
      "isTerminus": undefined,
      "mission": "TEDI",
      "noPassenger": undefined,
      "platform": undefined,
      "trainCode": "2415",
    },
  ],
}
`;
